Robyn Baumann
Log for AST 4762, Fall 2026

*****IN: Wed Aug 26 15:06:00 EDT 2026

Opened TextEdit, started this log, saved as:
/home/robynbaumann/downloads/0-ast4762-rab.log
Name: Robyn Baumann
Username: rab
What astronomy classes have you taken? AST2002, Solar System Astronomy, Stellar Astrophysics, and Experimental Methods in Astronomy
Are you generally comfortable with calculus and physics? Yes
Have you ever programmed a computer? Yes
In what language(s)? Python and C
Have you taken a programming class, and if so which? Intro to C and COP2500
Have you taken statistics or probability? Yes a long time ago
Will you be attending the DPS conference this year, or will
you be away otherwise? I am not sure
Why are you taking this course? I want to become a better coder and learn how to properly process data.
Are there particular topics you hope to learn? How to process large amounts of data and make sense of it. 
If you have programmed outside of a course before, please
briefly describe: No
If you have worked with scientific data before, briefly
describe your experience: Only in excel, with smaller amounts of data. 
Please describe any projects in astronomy, including
involvement in amateur groups, owning a telescope,
research, etc.: I have helped with the cosmic accelerometer project, but it is in the early stages of working on the spectrometer and have not collected data in the field yet.

Explanation: Go to downloads and press with 2 fingers and select “New Folder”. Double click on the folder and select “Rename” and name it hw0_<yourname>/. Next, double click on the log file and select “Duplicate”. Drag the duplicated file and drop it into the hw0 folder. Double click on the folder and select “Compress”. Then go to the web course assignment and click “Select File” and choose the zipped file and submit it.  

*****Out: Wed Aug 26 15:32:00 EDT 2026

*****IN: Wed Aug 26 15:37:00 EDT 2026

Had trouble getting rid of .txt and .rtf, kept getting an error when trying to save file as .log. After a few attempts it stopped giving me the error. 

*****Out: Wed Aug 26 15:39:00 EDT 2026

*****IN: Thurs Aug 27 17:04:00 EDT 2026

Applied for stokes account
Reading Mac Software Installation and following the guide.
Trouble finding anaconda after install...
Found it in /opt, moved to /Desktop
On step 2.4 I was getting that none of the files existed. Not sure where it went wrong
Got the .bash_profile to appear.
Got the class packages installed and Homebrew to /opt
Got unknown command for brew cask
Cask no longer valid, home-brew changed it to just brew!
Appears that I finished the Mac software install.

*****OUT: Thurs Aug 27 17:02:00 EDT 2026

*****IN: Fri Aug 28 13:05:00 EDT 2026

Started on virtual box download
Tried to do GitHub, but there is a file missing: learngit.pdf, emailed Dr. Harrington
Ubuntu and visual box downloaded after a long time, but they are not opening.
Got Virtual box open! However directions do not cover all settings, will wait until in-class to set up virtual machine.

*****OUT: Fri Aug 28 14:19:00 EDT 2026

*****IN: Fri Aug 28 14:35:00 EDT 2026

Checking that all proper files are installed, prepping for HW1
Tried to get on stokes but it said "Connection Closed" after entering the Password
Started HW1:
	Problem 1:
		created hw folder: /hw1_rab
	Problem 2:
		took picture of Jupyter notebook screen with control+shift+4 named 
		hw1_rab_problem2_image1.png and added to file /hw1_rab
		took picture of GitHub after creating ast4762 Respository with control+shift+4
		named: hw1_rab_problem2_image2.png and added to file /hw1_rab
		Phython Version: 
	Problem 3: 
		Unable to get connected to stokes, but took a screenshot of the attempt with 
		control+shift+4 and named hw1_rab_problem3_image1.png and added to file /hw1_rab
	Problem 4: Create a copy of 0-ast4762-rab.log by double clicking on it and selecting "Duplicate" and drag into the /hw1_rab folder. Double click on the file and select "Rename" and get rid of "copy" in the name at the end so it matches the original file name. Exit the hw1_rab folder and double click on the folder again and select "Compress" to turn into a zip file. Then go to the web course assignment and click “Select File” and choose the zipped file and submit it. 

Going to submit even with Stokes not working, and recommended to try again on Monday before class. If I can get in on Monday I will resubmit the file then. 

*****OUT: Fri Aug 28 15:47:00 EDT 2026

*****IN: Sun Aug 30 16:31:00 EDT 2026

Attempted to log into stokes to see if it was working. It did, so re-did that portion of HW1:
Problem 3: Logged into stokes, types ls and hit enter but no output occurred. Took screenshot with control+shift+4 and named hw1_rab_problem3_image1.png. Deleted the old image out of hw1 folder and added the new photo to file /hw1_rab. 
Redid the directions above for Problem 4 and re-submitted to webcourses.

*****OUT: Sun Aug 30 16:42:00 EDT 2026

*****IN: Mon Aug 31 14:29:00 EDT 2026

Logged in for class. Learned commands for shell and practiced the shell commands with stokes too.

*****OUT: Mon Aug 31 16:18:00 EDT 2026

*****IN: Tue Sep 1 18:24:00 EDT 2026

Working on the HW1 peer review. Realized I forgot to include the python version in the log, I had meant to ask on Friday in class as I am not sure where to find it, but the prof and TA were busy helping people get the installations to work. 

The syllabus said the reading for this week was spicy, matplotlib, and pydatatut 1-2. I was going to read those but did not see them anywhere in files. Will ask in class tomorrow.

*****OUT: Tue Sep 1 18:37:00 EDT 2026

*****IN: Wed Sep 2 14:31:00 EDT 2026

Opened log for class.
Had trouble downloading the lesson files due to space issues.
Finally got it working, it was just struggling to download. Uploaded all into to Jupyter notebook.
Had to install pandas
Practiced graphing, reading files, conventions for printing parts of arrays
Also reviewed math and how python overloads operators fro strings

*****OUT: Wed Sep 2 16:21:00 EDT 2026

*****IN: Fri Sep 4 14:25:00 EDT 2026

Opened log for class, installed pandas to python.
We went over how to format homework, coding, and conventions for commenting and docstrings
With the TA we finished Wednesday's lecture about using python and PANDAS. However did not get to GitHub tutorial. They said they will post better instructions so we can complete HW 2

*****OUT: Fri Sep 4 16:22:00 EDT 2026

*****IN: Sun Sep 6 14:21:00 EDT 2026

Started reading Ch. 1 in the Bevington TB and taking notes on my iPad in the class folder in preparation for the schedule lecture this week. Got through section 1.2 taking notes and writing down definitions of the language to be used.

*****OUT: Sun Sep 6 14:58:00 EDT 2026

*****IN: Sun Sep 6 20:34:00 EDT 2026

Resumed reading Ch1 of the Bevington TB, again taking notes on my iPad in the class folder. 
Finished reading chapter 1. Started work on HW 2, plan together through outlining the code with comments.

Problem 1: Opened shell and used ls and cd to navigate: ast4762 -> homework then used mkdir hw2_rab to create the HW2 folder. Opened Jupyter Notebook and created the coding assignment and save it to the hw2_rab folder

Problem 2:  
a1) the array needs 1001 elements to hole 0 to 1000
The rest of the tasks were fairly straight forward. Not entirely sure if outputs needed to be labeled, but to make it easier to read I am including it in the print statements. 

Problem 3: 
Made the plot with ease, used the graph from class as a template for "publication ready" as the Hw wasn't super specific. Had a little trouble doing LaTex for theta, but eventually got it working after looking up Latex use in python (the /t was being read as a tab)

Problem 4: 
Took some trial and error to figure out how to graph both without making a second array, eventually split the coding blocks for the graph to get it to work.

Problem 5: Going to pick this up tomorrow as it has gotten a bit late.

*****OUT: Sun Sep 6 22:23:00 EDT 2026

*****IN: Mon Sep 7 20:53:00 EDT 2026

Reading Ch2. In the Bevington textbook. Took notes on my iPad in the class folder. Got through half of Sect 2.3. 

*****OUT: Mon Sep 7 22:06:00 EDT 2026

*****IN: Tue Sep 8 16:52:00 EDT 2026

Pushed everything to GitHub using the updated instructions. 

Continue HW2:
Problem 5: 
	The first python resource I found was sunpy at https://sunpy.org/. sunpy 
is based off of astropy with a focus on solar physics. It was originally 
founded by a small group of NASA researchers and aims to help programmers 
process data specifically relating to the sun. It aslo has built-in models 
specifically for our sun, and allows for solar data to be easily integrated 
so it can be used with other common python packages.
	 The second python resource I found was chiantipy at 
https://chiantipy.sourceforge.net/welcome.html. Chiantipy specializes in 
performing calculations with the Chianti atomic data base in relation to 
astrophysical spectra. The functions can help with spectral line data and 
can help with plotting of both emmission and absorption spectra.

Problem 6: 
a) First connect to Cisco secure and do the 2-factor authentication. Then Log into 
stokes with the ssh ro235529@stokes.ist.ucf.edu and entering my passcode. 
b) I made a file by typing mkdir hw2_rab in stokes
c) after following the directions to set up stokes from the stoke_updated.pdf, In my regular terminal I used the command: scp -r /Users/robynbaumann/ast4762/homework/hw2_rab ro235529@stokes.ist.ucf.edu:~/hw2_rab to copy over the file.
d) yes it ran and made the two images (woo!)
e) I really am not understanding GitHub, I am following the commands but it is adding weird thing to the file and directory names. Went to the hw2_rab file and did: 
git add . 
git commit -m "updated hw2"
git push origin master
Had to do a few attempts but finally got it to work.
f) took a screenshot of the GitHub history with control shift 4, and named it hw2_rab_problem6_image1.ong
g) updated stokes and git again with new screenshots
h) a. cp 0-ast4762-rab.log ./homework/hw2_rab then I will do scp -r /Users/robynbaumann/ast4762/homework/hw2_rab ro235529@stokes.ist.ucf.edu:~/hw2_rab to update the whole stokes file
   b. In stokes I will use: tar zcf hw2_rab.tar.gz hw2_rab
   c. Use scp ro235529@stokes.ist.ucf.edu:~hw2_rab.tar.gz /Users/robynbaumann/ast4762/homework/handin
   d. Then open web courses, "Select file" and navigate to the handing folder in finder and select the tar file and hit submit.

*****OUT: Tue Sep 8 21:22:00 EDT 2026 

*****IN: Wed Sep 9 14:31:00 EDT 2026

Just saw the announcement (I've been at work since 10:30am) that the slur file in not needed. It was included in HW2 folder but Cameron (TA) said it won't affect the grade since there was so much confusion going on. Began working on Week 3 work, with more examples in python and a talk on accuracy vs. precision and types of errors.

*****OUT: Wed Sep 9 16:22:00 EDT 2026

*****IN: Fri Sep 11 14:28:00 EDT 2026

Hopped on the zoom for class. Finished the notes file from Wednesday (in the week 3 folder in notes). Then we reviewed HW2 and did one of the peer reviews. Finally, we spent the last 20 min of class working on the practicum:

Problem 1:
It took me a few tries to get the proper numbers for the ranges of the loops. Sometimes it was too much white or too much black, ended up looping through a square, as I could not get it to do it without doing this.
For the non-loop, the transpose did not work, and I tried doing what the prof did with .shape (didn't work) so then used .reshape and that worked.
Took screenshots to show the code and plots, could not get it into one picture or even 2, so I labeled them as: 
Loop code: p1_rab_problem1_image1.png
Loop graph: p1_rab_problem1_image2.png
No-Loop code: p1_rab_problem1_image3.png
No-Loop graph: p1_rab_problem1_image4.png

Problem 2: 
Below are the prompts, followed by the name of the screenshot: 
AI Prompt: 
1st: Please create a 300×200 Float64 array with numpy. Each array element should contain its own y coordinate, starting with y = 0 for column 0 and ending with y = 299 for column 299. Write this code using loops. 
p1_rab_problem2_image1.png

2nd Prompt: Now print the image created by this 2D array
p1_rab_problem2_image2.png

3rd: Can you show the image?
p1_rab_problem2_image3.png

4th: turn it 90 degrees and be sure the axis has numbers in increments of 50 and labels
p1_rab_problem2_image4.png

5th: put 0,0 in the bottom left corner and it should be black at the bottom, white at the top
p1_rab_problem2_image5.png

6th: now write a code that does the same thing, but does not require loops, and instead uses numpy and an array called y
p1_rab_problem2_image6.png
p1_rab_problem2_image7.png

7th: show the graph
p1_rab_problem2_image8.png

*****OUT: Fri Sep 11 17:18:00 EDT 2026

*****IN: Sat Sep 12 14:21:00 EDT 2026

Continue with practicum 1:
Problem 3: 
I already downloaded Astropy when I installed all the packages for the class. 
Used fits.info('m42_40min_ir.zip') and fits.getheader('m42_40min_ir.zip') To read the fits file. Then saved the data with: data = fits.getdata('m42_40min_ir.zip')
Then added a x-axis label of Right ascension and a y-axis label of declination. I believe this is the Orion Nebula (and I looked up M42 which is the Orion Nebula) but am not entirely sure, went ahead and labeled the images at "Nebula (Orion) and Robyn" because the directions wanted my name in it, but did not specify format lol. I also changed the image to grayscale.
Saved the image using the plt.davefig('p1_rab_problem3_image1.png') to save th image as a png under the correct naming convention.

For submission, I also included a traditional .py file as well as the Jupyter notebook file that is the original. I also am copying over this log now to submit it. I will then create a tar using shell commands and submit it.

*****OUT: Sat Sep 12 14:50:00 EDT 2026

*****IN: Sat Sep 12 14:59:00 EDT 2026

Practicum 1 has been successfully submitted. 

I am going to complete the second peer review for HW2. There were a few minor errors, but overall it was good. Gave some formatting suggestions to make it easier to read too. 

Now I am going to finish reading Ch 2 in the Bevington TB and take notes again on my iPad in the folder for the class. I also read and took notes on Ch3. The syllabus said we are going up to Ch 4 this week so I will attempt to do that once I have finished HW3. For now, going to do some work for other classes.

*****OUT: Sat Sep 12 17:16:00 EDT 2026

*****IN: Sat Sep 12 20:23:00 EDT 2026

Homework 3: 

Problem 1:
Opened shell and used ls and cd to navigate: ast4762 -> homework then used mkdir hw3_rab to create the HW3 folder. Opened Jupyter Notebook and created the coding assignment hw3_rab.ipynb to work in there, and saved it to the hw3_rab folder. While transfer to a .py file before turning it in. Created header at the top of the file for my name, assignment, and date. Then imported the libraries needed. Files pushed to Github under "Started HW3" update.

Problem 2:
(a) Downloaded module_template_with_docstring.py from webcourses. Started my supporting function document by copying that file and renaming it hw3_rab_support_functions.py and moved it into the hw3_rab folder. 

(b) there definitely needs to be docstrings for the file and the functions, so that if you are curious as to what the file is (or what a function does) the docstring tells you what it contains/will do. It also includes the necessary information on inputs and outputs so you know what to pass to the function in order for it to run properly. It is also important to include descriptions in the log, so if you are looking for specific files or functions it is described in your log and makes it easier to find. The doc string for hw3_rab_support_functions.py so far is: 
"""This is the support function library for hw3_rab in AST4762.

It contains the functions: 
    'square' which will allow you to square a value or array of values
"""

(c) To clean up the file I am commenting out the import statements, and will uncomment them as I need them and before finalizing, delete any that went unused as I do not know yet which ones I will need for the functions until after I have written them. For the function square, I entered the necessary information for the doc string and removed a lot of things like references.

(d) created function def square(val) with a proper docstring. The summary is: 
This function takes in a number or array, squares the value(s) and returns the squared value(s).
Pushed to GitHub with: 
git add .
git commit -m "Update 1 of HW3"
git push origin master

(e) Left and edited as many relevant parts of the docstring as I could. The example I did was: 
    >>> a=np.array([1,2,3])
    >>> print( hw3_rab_support_functions.square(a) )
    >>> [1,4,9]
Tried it in Jupyter notebook after doing from hw3_rab_support_functions import square it worked!

(f) Tried:
	1. square(3) 
		Output: 9
	2. a = np.arange(0,20,2)
	   print(square(a))
		Output: [  0   4  16  36  64 100 144 196 256 324]
	3. a = np.linspace(-10,10,10)
	   print(a)
	   print(square(a))
		Output: [-10.          -7.77777778  -5.55555556  -3.33333333  -1.11111111
  	 	  1.11111111   3.33333333   5.55555556   7.77777778  10.        ]
		[100.          60.49382716  30.86419753  11.11111111   1.2345679
 		  1.2345679   11.11111111  30.86419753  60.49382716 100.        ]
	4. a = np.array([[1,2],[3,4]])
	   print(square(a))
		Output: [[ 1  4]
 			[ 9 16]]	
Seems to be working great!!

(g) committed to GitHub again with 
git add .
git commit -m "Update 2 of HW3"
git push origin master
Went into GitHub and took screenshot with ctrl+shift+4 and named it hw3_rab_problem2_image1.png



